
> bigdeck-app@1.0.0 test
> vitest run --run server/__tests__/autobuy.budget.test.ts


[7m[1m[36m RUN [39m[22m[27m [36mv1.6.1[39m [90mD:/Big Deck/BigDeckAppV3[39m

 [33mΓ¥»[39m server/__tests__/autobuy.budget.test.ts [2m ([22m[2m11 tests[22m [2m|[22m [31m1 failed[39m[2m)[22m[90m 16[2mms[22m[39m
[31m   [33mΓ¥»[31m server/__tests__/autobuy.budget.test.ts[2m > [22mBudget Enforcement - Full Pipeline[2m > [22mthreads budget config through all phases[39m
[31m     ΓåÆ runFullPipeline is not a function[39m

node.exe : [31mΓÄ»ΓÄ»
ΓÄ»ΓÄ»ΓÄ»ΓÄ»ΓÄ»[1m[7
m Failed Tests 1 [27m
[22mΓÄ»ΓÄ»ΓÄ»ΓÄ»ΓÄ»ΓÄ
»ΓÄ»[39m
At line:1 char:1
+ & 
"D:\Node.js/node.exe" 
"D:\Node.js/node_modul
es/npm/bin/npm-cli.js"
  ...
+ ~~~~~~~~~~~~~~~~~~~~
~~~~~~~~~~~~~~~~~~~~~~
~~~~~~~~~~~~~~~~~~~~~~
~~~~~
    + CategoryInfo    
          : NotSpeci  
  fied: ([31mΓÄ»ΓÄ   
 »ΓÄ»Γ...»ΓÄ»ΓÄ»ΓÄ    
»[39m:String) []    
, RemoteException
    + FullyQualifiedE 
   rrorId : NativeCo  
  mmandError
 

[31m[1m[7m FAIL 
[27m[22m[39m server
/__tests__/autobuy.bud
get.test.ts[2m > 
[22mBudget 
Enforcement - Full 
Pipeline[2m > 
[22mthreads budget 
config through all 
phases
[31m[1mTypeError[22
m: runFullPipeline is 
not a function[39m
[36m [2mΓ¥»[22m ser
ver/__tests__/autobuy.
budget.test.ts:[2m312
:22[22m[39m
    [90m310| [39m   
     }]
    [90m311| [39m
    [90m312| [39m   
     [35mconst[39m 
plan [33m=[39m [34m
runFullPipeline[39m({
    [90m   | [39m   
                  
[31m^[39m
    [90m313| [39m   
         
demands[33m,[39m
    [90m314| [39m   
         
offers[33m,[39m

[31m[2mΓÄ»ΓÄ»ΓÄ»ΓÄ»Γ
Ä»ΓÄ»ΓÄ»ΓÄ»ΓÄ»ΓÄ»ΓÄ»ΓÄ
»ΓÄ»ΓÄ»ΓÄ»ΓÄ»ΓÄ»ΓÄ»ΓÄ»
ΓÄ»ΓÄ»ΓÄ»ΓÄ»ΓÄ»[1/1]ΓÄ
»[22m[39m

[2m Test Files [22m [1m[31m1 failed[39m[22m[90m (1)[39m
[2m      Tests [22m [1m[31m1 failed[39m[22m[2m | [22m[1m[32m10 passed[39m[22m[90m (11)[39m
[2m   Start at [22m 17:51:29
[2m   Duration [22m 2.77s[2m (transform 97ms, setup 176ms, collect 142ms, tests 16ms, environment 1.14s, prepare 262ms)[22m

